error: more than 3 bools in function parameters
  --> $DIR/fn_params_excessive_bools.rs:19:1
   |
LL | fn g(_: bool, _: bool, _: bool, _: bool) {}
   | ^^^^^^^^^^^^^^^^^^^^^^^^^^^^^^^^^^^^^^^^^^^
   |
   = help: consider refactoring bools into two-variant enums
   = note: `-D clippy::fn-params-excessive-bools` implied by `-D warnings`

error: more than 3 bools in function parameters
  --> $DIR/fn_params_excessive_bools.rs:22:1
   |
LL | fn t(_: S, _: S, _: Box<S>, _: Vec<u32>, _: bool, _: bool, _: bool, _: bool) {}
   | ^^^^^^^^^^^^^^^^^^^^^^^^^^^^^^^^^^^^^^^^^^^^^^^^^^^^^^^^^^^^^^^^^^^^^^^^^^^^^^^
   |
   = help: consider refactoring bools into two-variant enums

error: more than 3 bools in function parameters
  --> $DIR/fn_params_excessive_bools.rs:27:5
   |
LL |     fn f(_: bool, _: bool, _: bool, _: bool);
   |     ^^^^^^^^^^^^^^^^^^^^^^^^^^^^^^^^^^^^^^^^^
   |
   = help: consider refactoring bools into two-variant enums

error: more than 3 bools in function parameters
  --> $DIR/fn_params_excessive_bools.rs:31:5
   |
LL |     fn i(_: bool, _: bool, _: bool, _: bool) {}
   |     ^^^^^^^^^^^^^^^^^^^^^^^^^^^^^^^^^^^^^^^^^^^
   |
   = help: consider refactoring bools into two-variant enums

error: more than 3 bools in function parameters
  --> $DIR/fn_params_excessive_bools.rs:35:5
   |
LL |     fn f(&self, _: bool, _: bool, _: bool, _: bool) {}
   |     ^^^^^^^^^^^^^^^^^^^^^^^^^^^^^^^^^^^^^^^^^^^^^^^^^^
   |
   = help: consider refactoring bools into two-variant enums

error: more than 3 bools in function parameters
  --> $DIR/fn_params_excessive_bools.rs:50:5
   |
LL | /     fn n(_: bool, _: u32, _: bool, _: Box<u32>, _: bool, _: bool) {
LL | |         fn nn(_: bool, _: bool, _: bool, _: bool) {}
LL | |     }
   | |_____^
   |
   = help: consider refactoring bools into two-variant enums

error: more than 3 bools in function parameters
  --> $DIR/fn_params_excessive_bools.rs:51:9
   |
LL |         fn nn(_: bool, _: bool, _: bool, _: bool) {}
   |         ^^^^^^^^^^^^^^^^^^^^^^^^^^^^^^^^^^^^^^^^^^^^
   |
   = help: consider refactoring bools into two-variant enums

error: aborting due to 7 previous errors

