error: creating a `Box` from a void raw pointer
  --> $DIR/from_raw_with_void_ptr.rs:10:22
   |
LL |     let _ = unsafe { Box::from_raw(ptr) };
   |                      ^^^^^^^^^^^^^^^^^^
   |
help: cast this to a pointer of the appropriate type
  --> $DIR/from_raw_with_void_ptr.rs:10:36
   |
LL |     let _ = unsafe { Box::from_raw(ptr) };
   |                                    ^^^
   = note: `-D clippy::from-raw-with-void-ptr` implied by `-D warnings`

error: creating a `Rc` from a void raw pointer
  --> $DIR/from_raw_with_void_ptr.rs:21:22
   |
LL |     let _ = unsafe { Rc::from_raw(ptr) };
   |                      ^^^^^^^^^^^^^^^^^
   |
help: cast this to a pointer of the appropriate type
  --> $DIR/from_raw_with_void_ptr.rs:21:35
   |
LL |     let _ = unsafe { Rc::from_raw(ptr) };
   |                                   ^^^

error: creating a `Arc` from a void raw pointer
  --> $DIR/from_raw_with_void_ptr.rs:25:22
   |
LL |     let _ = unsafe { Arc::from_raw(ptr) };
   |                      ^^^^^^^^^^^^^^^^^^
   |
help: cast this to a pointer of the appropriate type
  --> $DIR/from_raw_with_void_ptr.rs:25:36
   |
LL |     let _ = unsafe { Arc::from_raw(ptr) };
   |                                    ^^^

error: creating a `Weak` from a void raw pointer
  --> $DIR/from_raw_with_void_ptr.rs:29:22
   |
LL |     let _ = unsafe { std::rc::Weak::from_raw(ptr) };
   |                      ^^^^^^^^^^^^^^^^^^^^^^^^^^^^
   |
help: cast this to a pointer of the appropriate type
  --> $DIR/from_raw_with_void_ptr.rs:29:46
   |
LL |     let _ = unsafe { std::rc::Weak::from_raw(ptr) };
   |                                              ^^^

error: creating a `Weak` from a void raw pointer
  --> $DIR/from_raw_with_void_ptr.rs:33:22
   |
LL |     let _ = unsafe { std::sync::Weak::from_raw(ptr) };
   |                      ^^^^^^^^^^^^^^^^^^^^^^^^^^^^^^
   |
help: cast this to a pointer of the appropriate type
  --> $DIR/from_raw_with_void_ptr.rs:33:48
   |
LL |     let _ = unsafe { std::sync::Weak::from_raw(ptr) };
   |                                                ^^^

error: aborting due to 5 previous errors

